// Jest Snapshot v1, https://goo.gl/fbAQLP

exports[`ScrollText should match snapshot 1`] = `ShallowWrapper {}`;
